[thermofun] [warning] The substance with symbol M4A-OH-LDH is already in the database. Overwriting ... 
To add it to the database as a separate record assign it a different symbol.
[thermofun] [warning] The substance with symbol M6A-OH-LDH is already in the database. Overwriting ... 
To add it to the database as a separate record assign it a different symbol.
[thermofun] [warning] The substance with symbol M8A-OH-LDH is already in the database. Overwriting ... 
To add it to the database as a separate record assign it a different symbol.
[thermofun] [warning] The substance with symbol ECSH1-NaSH is already in the database. Overwriting ... 
To add it to the database as a separate record assign it a different symbol.
[thermofun] [warning] The substance with symbol ECSH2-NaSH is already in the database. Overwriting ... 
To add it to the database as a separate record assign it a different symbol.
[thermofun] [warning] The substance with symbol ECSH1-SH is already in the database. Overwriting ... 
To add it to the database as a separate record assign it a different symbol.
[thermofun] [warning]  D:\bld\thermofun_1788289523506\work\ThermoFun\Substances\EmpiricalCpIntegration.cpp 104: The given temperature: 293.15 is not inside the specified interval/s for the Cp calculation.
The temperature is not inside the specified interval for the substance Na2SO4.
[thermofun] [warning] The substance with symbol M4A-OH-LDH is already in the database. Overwriting ... 
To add it to the database as a separate record assign it a different symbol.
[thermofun] [warning] The substance with symbol M6A-OH-LDH is already in the database. Overwriting ... 
To add it to the database as a separate record assign it a different symbol.
[thermofun] [warning] The substance with symbol M8A-OH-LDH is already in the database. Overwriting ... 
To add it to the database as a separate record assign it a different symbol.
[thermofun] [warning] The substance with symbol ECSH1-NaSH is already in the database. Overwriting ... 
To add it to the database as a separate record assign it a different symbol.
[thermofun] [warning] The substance with symbol ECSH2-NaSH is already in the database. Overwriting ... 
To add it to the database as a separate record assign it a different symbol.
[thermofun] [warning] The substance with symbol ECSH1-SH is already in the database. Overwriting ... 
To add it to the database as a separate record assign it a different symbol.
[thermofun] [warning]  D:\bld\thermofun_1788289523506\work\ThermoFun\Substances\EmpiricalCpIntegration.cpp 104: The given temperature: 293.15 is not inside the specified interval/s for the Cp calculation.
The temperature is not inside the specified interval for the substance Na2SO4.
[thermofun] [warning] The substance with symbol M4A-OH-LDH is already in the database. Overwriting ... 
To add it to the database as a separate record assign it a different symbol.
[thermofun] [warning] The substance with symbol M6A-OH-LDH is already in the database. Overwriting ... 
To add it to the database as a separate record assign it a different symbol.
[thermofun] [warning] The substance with symbol M8A-OH-LDH is already in the database. Overwriting ... 
To add it to the database as a separate record assign it a different symbol.
[thermofun] [warning] The substance with symbol ECSH1-NaSH is already in the database. Overwriting ... 
To add it to the database as a separate record assign it a different symbol.
[thermofun] [warning] The substance with symbol ECSH2-NaSH is already in the database. Overwriting ... 
To add it to the database as a separate record assign it a different symbol.
[thermofun] [warning] The substance with symbol ECSH1-SH is already in the database. Overwriting ... 
To add it to the database as a separate record assign it a different symbol.
[thermofun] [warning]  D:\bld\thermofun_1788289523506\work\ThermoFun\Substances\EmpiricalCpIntegration.cpp 104: The given temperature: 293.15 is not inside the specified interval/s for the Cp calculation.
The temperature is not inside the specified interval for the substance Na2SO4.
[thermofun] [warning] The substance with symbol M4A-OH-LDH is already in the database. Overwriting ... 
To add it to the database as a separate record assign it a different symbol.
[thermofun] [warning] The substance with symbol M6A-OH-LDH is already in the database. Overwriting ... 
To add it to the database as a separate record assign it a different symbol.
[thermofun] [warning] The substance with symbol M8A-OH-LDH is already in the database. Overwriting ... 
To add it to the database as a separate record assign it a different symbol.
[thermofun] [warning] The substance with symbol ECSH1-NaSH is already in the database. Overwriting ... 
To add it to the database as a separate record assign it a different symbol.
[thermofun] [warning] The substance with symbol ECSH2-NaSH is already in the database. Overwriting ... 
To add it to the database as a separate record assign it a different symbol.
[thermofun] [warning] The substance with symbol ECSH1-SH is already in the database. Overwriting ... 
To add it to the database as a separate record assign it a different symbol.
[thermofun] [warning]  D:\bld\thermofun_1788289523506\work\ThermoFun\Substances\EmpiricalCpIntegration.cpp 104: The given temperature: 293.15 is not inside the specified interval/s for the Cp calculation.
The temperature is not inside the specified interval for the substance Na2SO4.
[thermofun] [warning] The substance with symbol M4A-OH-LDH is already in the database. Overwriting ... 
To add it to the database as a separate record assign it a different symbol.
[thermofun] [warning] The substance with symbol M6A-OH-LDH is already in the database. Overwriting ... 
To add it to the database as a separate record assign it a different symbol.
[thermofun] [warning] The substance with symbol M8A-OH-LDH is already in the database. Overwriting ... 
To add it to the database as a separate record assign it a different symbol.
[thermofun] [warning] The substance with symbol ECSH1-NaSH is already in the database. Overwriting ... 
To add it to the database as a separate record assign it a different symbol.
[thermofun] [warning] The substance with symbol ECSH2-NaSH is already in the database. Overwriting ... 
To add it to the database as a separate record assign it a different symbol.
[thermofun] [warning] The substance with symbol ECSH1-SH is already in the database. Overwriting ... 
To add it to the database as a separate record assign it a different symbol.
[thermofun] [warning]  D:\bld\thermofun_1788289523506\work\ThermoFun\Substances\EmpiricalCpIntegration.cpp 104: The given temperature: 293.15 is not inside the specified interval/s for the Cp calculation.
The temperature is not inside the specified interval for the substance Na2SO4.
[thermofun] [warning] The substance with symbol M4A-OH-LDH is already in the database. Overwriting ... 
To add it to the database as a separate record assign it a different symbol.
[thermofun] [warning] The substance with symbol M6A-OH-LDH is already in the database. Overwriting ... 
To add it to the database as a separate record assign it a different symbol.
[thermofun] [warning] The substance with symbol M8A-OH-LDH is already in the database. Overwriting ... 
To add it to the database as a separate record assign it a different symbol.
[thermofun] [warning] The substance with symbol ECSH1-NaSH is already in the database. Overwriting ... 
To add it to the database as a separate record assign it a different symbol.
[thermofun] [warning] The substance with symbol ECSH2-NaSH is already in the database. Overwriting ... 
To add it to the database as a separate record assign it a different symbol.
[thermofun] [warning] The substance with symbol ECSH1-SH is already in the database. Overwriting ... 
To add it to the database as a separate record assign it a different symbol.
[thermofun] [warning]  D:\bld\thermofun_1788289523506\work\ThermoFun\Substances\EmpiricalCpIntegration.cpp 104: The given temperature: 293.15 is not inside the specified interval/s for the Cp calculation.
The temperature is not inside the specified interval for the substance Na2SO4.
[thermofun] [warning] The substance with symbol M4A-OH-LDH is already in the database. Overwriting ... 
To add it to the database as a separate record assign it a different symbol.
[thermofun] [warning] The substance with symbol M6A-OH-LDH is already in the database. Overwriting ... 
To add it to the database as a separate record assign it a different symbol.
[thermofun] [warning] The substance with symbol M8A-OH-LDH is already in the database. Overwriting ... 
To add it to the database as a separate record assign it a different symbol.
[thermofun] [warning] The substance with symbol ECSH1-NaSH is already in the database. Overwriting ... 
To add it to the database as a separate record assign it a different symbol.
[thermofun] [warning] The substance with symbol ECSH2-NaSH is already in the database. Overwriting ... 
To add it to the database as a separate record assign it a different symbol.
[thermofun] [warning] The substance with symbol ECSH1-SH is already in the database. Overwriting ... 
To add it to the database as a separate record assign it a different symbol.
[thermofun] [warning]  D:\bld\thermofun_1788289523506\work\ThermoFun\Substances\EmpiricalCpIntegration.cpp 104: The given temperature: 293.15 is not inside the specified interval/s for the Cp calculation.
The temperature is not inside the specified interval for the substance Na2SO4.
[thermofun] [warning] The substance with symbol M4A-OH-LDH is already in the database. Overwriting ... 
To add it to the database as a separate record assign it a different symbol.
[thermofun] [warning] The substance with symbol M6A-OH-LDH is already in the database. Overwriting ... 
To add it to the database as a separate record assign it a different symbol.
[thermofun] [warning] The substance with symbol M8A-OH-LDH is already in the database. Overwriting ... 
To add it to the database as a separate record assign it a different symbol.
[thermofun] [warning] The substance with symbol ECSH1-NaSH is already in the database. Overwriting ... 
To add it to the database as a separate record assign it a different symbol.
[thermofun] [warning] The substance with symbol ECSH2-NaSH is already in the database. Overwriting ... 
To add it to the database as a separate record assign it a different symbol.
[thermofun] [warning] The substance with symbol ECSH1-SH is already in the database. Overwriting ... 
To add it to the database as a separate record assign it a different symbol.
[thermofun] [warning]  D:\bld\thermofun_1788289523506\work\ThermoFun\Substances\EmpiricalCpIntegration.cpp 104: The given temperature: 293.15 is not inside the specified interval/s for the Cp calculation.
The temperature is not inside the specified interval for the substance Na2SO4.
[thermofun] [warning] The substance with symbol M4A-OH-LDH is already in the database. Overwriting ... 
To add it to the database as a separate record assign it a different symbol.
[thermofun] [warning] The substance with symbol M6A-OH-LDH is already in the database. Overwriting ... 
To add it to the database as a separate record assign it a different symbol.
[thermofun] [warning] The substance with symbol M8A-OH-LDH is already in the database. Overwriting ... 
To add it to the database as a separate record assign it a different symbol.
[thermofun] [warning] The substance with symbol ECSH1-NaSH is already in the database. Overwriting ... 
To add it to the database as a separate record assign it a different symbol.
[thermofun] [warning] The substance with symbol ECSH2-NaSH is already in the database. Overwriting ... 
To add it to the database as a separate record assign it a different symbol.
[thermofun] [warning] The substance with symbol ECSH1-SH is already in the database. Overwriting ... 
To add it to the database as a separate record assign it a different symbol.
[thermofun] [warning]  D:\bld\thermofun_1788289523506\work\ThermoFun\Substances\EmpiricalCpIntegration.cpp 104: The given temperature: 293.15 is not inside the specified interval/s for the Cp calculation.
The temperature is not inside the specified interval for the substance Na2SO4.
[thermofun] [warning] The substance with symbol M4A-OH-LDH is already in the database. Overwriting ... 
To add it to the database as a separate record assign it a different symbol.
[thermofun] [warning] The substance with symbol M6A-OH-LDH is already in the database. Overwriting ... 
To add it to the database as a separate record assign it a different symbol.
[thermofun] [warning] The substance with symbol M8A-OH-LDH is already in the database. Overwriting ... 
To add it to the database as a separate record assign it a different symbol.
[thermofun] [warning] The substance with symbol ECSH1-NaSH is already in the database. Overwriting ... 
To add it to the database as a separate record assign it a different symbol.
[thermofun] [warning] The substance with symbol ECSH2-NaSH is already in the database. Overwriting ... 
To add it to the database as a separate record assign it a different symbol.
[thermofun] [warning] The substance with symbol ECSH1-SH is already in the database. Overwriting ... 
To add it to the database as a separate record assign it a different symbol.
[thermofun] [warning]  D:\bld\thermofun_1788289523506\work\ThermoFun\Substances\EmpiricalCpIntegration.cpp 104: The given temperature: 293.15 is not inside the specified interval/s for the Cp calculation.
The temperature is not inside the specified interval for the substance Na2SO4.
[thermofun] [warning] The substance with symbol M4A-OH-LDH is already in the database. Overwriting ... 
To add it to the database as a separate record assign it a different symbol.
[thermofun] [warning] The substance with symbol M6A-OH-LDH is already in the database. Overwriting ... 
To add it to the database as a separate record assign it a different symbol.
[thermofun] [warning] The substance with symbol M8A-OH-LDH is already in the database. Overwriting ... 
To add it to the database as a separate record assign it a different symbol.
[thermofun] [warning] The substance with symbol ECSH1-NaSH is already in the database. Overwriting ... 
To add it to the database as a separate record assign it a different symbol.
[thermofun] [warning] The substance with symbol ECSH2-NaSH is already in the database. Overwriting ... 
To add it to the database as a separate record assign it a different symbol.
[thermofun] [warning] The substance with symbol ECSH1-SH is already in the database. Overwriting ... 
To add it to the database as a separate record assign it a different symbol.
[thermofun] [warning]  D:\bld\thermofun_1788289523506\work\ThermoFun\Substances\EmpiricalCpIntegration.cpp 104: The given temperature: 293.15 is not inside the specified interval/s for the Cp calculation.
The temperature is not inside the specified interval for the substance Na2SO4.
[thermofun] [warning] The substance with symbol M4A-OH-LDH is already in the database. Overwriting ... 
To add it to the database as a separate record assign it a different symbol.
[thermofun] [warning] The substance with symbol M6A-OH-LDH is already in the database. Overwriting ... 
To add it to the database as a separate record assign it a different symbol.
[thermofun] [warning] The substance with symbol M8A-OH-LDH is already in the database. Overwriting ... 
To add it to the database as a separate record assign it a different symbol.
[thermofun] [warning] The substance with symbol ECSH1-NaSH is already in the database. Overwriting ... 
To add it to the database as a separate record assign it a different symbol.
[thermofun] [warning] The substance with symbol ECSH2-NaSH is already in the database. Overwriting ... 
To add it to the database as a separate record assign it a different symbol.
[thermofun] [warning] The substance with symbol ECSH1-SH is already in the database. Overwriting ... 
To add it to the database as a separate record assign it a different symbol.
[thermofun] [warning]  D:\bld\thermofun_1788289523506\work\ThermoFun\Substances\EmpiricalCpIntegration.cpp 104: The given temperature: 293.15 is not inside the specified interval/s for the Cp calculation.
The temperature is not inside the specified interval for the substance Na2SO4.
[thermofun] [warning] The substance with symbol M4A-OH-LDH is already in the database. Overwriting ... 
To add it to the database as a separate record assign it a different symbol.
[thermofun] [warning] The substance with symbol M6A-OH-LDH is already in the database. Overwriting ... 
To add it to the database as a separate record assign it a different symbol.
[thermofun] [warning] The substance with symbol M8A-OH-LDH is already in the database. Overwriting ... 
To add it to the database as a separate record assign it a different symbol.
[thermofun] [warning] The substance with symbol ECSH1-NaSH is already in the database. Overwriting ... 
To add it to the database as a separate record assign it a different symbol.
[thermofun] [warning] The substance with symbol ECSH2-NaSH is already in the database. Overwriting ... 
To add it to the database as a separate record assign it a different symbol.
[thermofun] [warning] The substance with symbol ECSH1-SH is already in the database. Overwriting ... 
To add it to the database as a separate record assign it a different symbol.
[thermofun] [warning]  D:\bld\thermofun_1788289523506\work\ThermoFun\Substances\EmpiricalCpIntegration.cpp 104: The given temperature: 293.15 is not inside the specified interval/s for the Cp calculation.
The temperature is not inside the specified interval for the substance Na2SO4.
[thermofun] [warning] The substance with symbol M4A-OH-LDH is already in the database. Overwriting ... 
To add it to the database as a separate record assign it a different symbol.
[thermofun] [warning] The substance with symbol M6A-OH-LDH is already in the database. Overwriting ... 
To add it to the database as a separate record assign it a different symbol.
[thermofun] [warning] The substance with symbol M8A-OH-LDH is already in the database. Overwriting ... 
To add it to the database as a separate record assign it a different symbol.
[thermofun] [warning] The substance with symbol ECSH1-NaSH is already in the database. Overwriting ... 
To add it to the database as a separate record assign it a different symbol.
[thermofun] [warning] The substance with symbol ECSH2-NaSH is already in the database. Overwriting ... 
To add it to the database as a separate record assign it a different symbol.
[thermofun] [warning] The substance with symbol ECSH1-SH is already in the database. Overwriting ... 
To add it to the database as a separate record assign it a different symbol.
[thermofun] [warning]  D:\bld\thermofun_1788289523506\work\ThermoFun\Substances\EmpiricalCpIntegration.cpp 104: The given temperature: 293.15 is not inside the specified interval/s for the Cp calculation.
The temperature is not inside the specified interval for the substance Na2SO4.
[thermofun] [warning] The substance with symbol M4A-OH-LDH is already in the database. Overwriting ... 
To add it to the database as a separate record assign it a different symbol.
[thermofun] [warning] The substance with symbol M6A-OH-LDH is already in the database. Overwriting ... 
To add it to the database as a separate record assign it a different symbol.
[thermofun] [warning] The substance with symbol M8A-OH-LDH is already in the database. Overwriting ... 
To add it to the database as a separate record assign it a different symbol.
[thermofun] [warning] The substance with symbol ECSH1-NaSH is already in the database. Overwriting ... 
To add it to the database as a separate record assign it a different symbol.
[thermofun] [warning] The substance with symbol ECSH2-NaSH is already in the database. Overwriting ... 
To add it to the database as a separate record assign it a different symbol.
[thermofun] [warning] The substance with symbol ECSH1-SH is already in the database. Overwriting ... 
To add it to the database as a separate record assign it a different symbol.
[thermofun] [warning]  D:\bld\thermofun_1788289523506\work\ThermoFun\Substances\EmpiricalCpIntegration.cpp 104: The given temperature: 293.15 is not inside the specified interval/s for the Cp calculation.
The temperature is not inside the specified interval for the substance Na2SO4.
[thermofun] [warning] The substance with symbol M4A-OH-LDH is already in the database. Overwriting ... 
To add it to the database as a separate record assign it a different symbol.
[thermofun] [warning] The substance with symbol M6A-OH-LDH is already in the database. Overwriting ... 
To add it to the database as a separate record assign it a different symbol.
[thermofun] [warning] The substance with symbol M8A-OH-LDH is already in the database. Overwriting ... 
To add it to the database as a separate record assign it a different symbol.
[thermofun] [warning] The substance with symbol ECSH1-NaSH is already in the database. Overwriting ... 
To add it to the database as a separate record assign it a different symbol.
[thermofun] [warning] The substance with symbol ECSH2-NaSH is already in the database. Overwriting ... 
To add it to the database as a separate record assign it a different symbol.
[thermofun] [warning] The substance with symbol ECSH1-SH is already in the database. Overwriting ... 
To add it to the database as a separate record assign it a different symbol.
[thermofun] [warning]  D:\bld\thermofun_1788289523506\work\ThermoFun\Substances\EmpiricalCpIntegration.cpp 104: The given temperature: 293.15 is not inside the specified interval/s for the Cp calculation.
The temperature is not inside the specified interval for the substance Na2SO4.
[thermofun] [warning] The substance with symbol M4A-OH-LDH is already in the database. Overwriting ... 
To add it to the database as a separate record assign it a different symbol.
[thermofun] [warning] The substance with symbol M6A-OH-LDH is already in the database. Overwriting ... 
To add it to the database as a separate record assign it a different symbol.
[thermofun] [warning] The substance with symbol M8A-OH-LDH is already in the database. Overwriting ... 
To add it to the database as a separate record assign it a different symbol.
[thermofun] [warning] The substance with symbol ECSH1-NaSH is already in the database. Overwriting ... 
To add it to the database as a separate record assign it a different symbol.
[thermofun] [warning] The substance with symbol ECSH2-NaSH is already in the database. Overwriting ... 
To add it to the database as a separate record assign it a different symbol.
[thermofun] [warning] The substance with symbol ECSH1-SH is already in the database. Overwriting ... 
To add it to the database as a separate record assign it a different symbol.
[thermofun] [warning]  D:\bld\thermofun_1788289523506\work\ThermoFun\Substances\EmpiricalCpIntegration.cpp 104: The given temperature: 293.15 is not inside the specified interval/s for the Cp calculation.
The temperature is not inside the specified interval for the substance Na2SO4.
[thermofun] [warning] The substance with symbol M4A-OH-LDH is already in the database. Overwriting ... 
To add it to the database as a separate record assign it a different symbol.
[thermofun] [warning] The substance with symbol M6A-OH-LDH is already in the database. Overwriting ... 
To add it to the database as a separate record assign it a different symbol.
[thermofun] [warning] The substance with symbol M8A-OH-LDH is already in the database. Overwriting ... 
To add it to the database as a separate record assign it a different symbol.
[thermofun] [warning] The substance with symbol ECSH1-NaSH is already in the database. Overwriting ... 
To add it to the database as a separate record assign it a different symbol.
[thermofun] [warning] The substance with symbol ECSH2-NaSH is already in the database. Overwriting ... 
To add it to the database as a separate record assign it a different symbol.
[thermofun] [warning] The substance with symbol ECSH1-SH is already in the database. Overwriting ... 
To add it to the database as a separate record assign it a different symbol.
[thermofun] [warning]  D:\bld\thermofun_1788289523506\work\ThermoFun\Substances\EmpiricalCpIntegration.cpp 104: The given temperature: 293.15 is not inside the specified interval/s for the Cp calculation.
The temperature is not inside the specified interval for the substance Na2SO4.
[thermofun] [warning] The substance with symbol M4A-OH-LDH is already in the database. Overwriting ... 
To add it to the database as a separate record assign it a different symbol.
[thermofun] [warning] The substance with symbol M6A-OH-LDH is already in the database. Overwriting ... 
To add it to the database as a separate record assign it a different symbol.
[thermofun] [warning] The substance with symbol M8A-OH-LDH is already in the database. Overwriting ... 
To add it to the database as a separate record assign it a different symbol.
[thermofun] [warning] The substance with symbol ECSH1-NaSH is already in the database. Overwriting ... 
To add it to the database as a separate record assign it a different symbol.
[thermofun] [warning] The substance with symbol ECSH2-NaSH is already in the database. Overwriting ... 
To add it to the database as a separate record assign it a different symbol.
[thermofun] [warning] The substance with symbol ECSH1-SH is already in the database. Overwriting ... 
To add it to the database as a separate record assign it a different symbol.
[thermofun] [warning]  D:\bld\thermofun_1788289523506\work\ThermoFun\Substances\EmpiricalCpIntegration.cpp 104: The given temperature: 293.15 is not inside the specified interval/s for the Cp calculation.
The temperature is not inside the specified interval for the substance Na2SO4.
